// Vitest Snapshot v1, https://vitest.dev/guide/snapshot.html

exports[`TimeDisplay > renders without arrival row 1`] = `
<div>
  <span
    class="text-xl sm:text-2xl font-medium text-gray-800 dark:text-gray-100 min-w-0 relative pt-8 sm:pt-6"
  >
    <span
      class="block w-full text-base-content/70 text-base sm:text-lg whitespace-nowrap"
    >
      <time
        datetime="2024-03-20T10:00:00.000Z"
      >
        12.00
      </time>
    </span>
  </span>
</div>
`;
